// Bun Snapshot v1, https://goo.gl/fbAQLP

exports[`lookup matrix 1`] = `
[
  {
    "file": undefined,
    "label": {
      "includeSubPackages": false,
      "package": "foo",
      "scope": "",
      "target": "foo",
    },
    "rule": Symbol(foo),
  },
  {
    "file": undefined,
    "label": {
      "includeSubPackages": false,
      "package": "109cafe__label",
      "scope": "@npm",
      "target": "foo",
    },
    "rule": Symbol(foo),
  },
]
`;
